// Jest Snapshot v1, https://goo.gl/fbAQLP

exports[`middlewares/logger measure request time for request 1`] = `
Array [
  Array [
    "Run MyRequest",
    RelayRequest {
      "cacheConfig": Object {},
      "controller": AbortController {
        Symbol(SameObject caches): Object {
          "signal": AbortSignal {},
        },
      },
      "fetchOpts": Object {
        "body": "{\\"id\\":\\"MyRequest\\",\\"query\\":\\"\\",\\"variables\\":{}}",
        "headers": Object {
          "Accept": "*/*",
          "Content-Type": "application/json",
        },
        "method": "POST",
        "signal": AbortSignal {},
      },
      "id": "MyRequest",
      "operation": Object {
        "id": "MyRequest",
        "operationKind": "query",
        "text": "",
      },
      "uploadables": undefined,
      "variables": Object {},
    },
  ],
  Array [
    "Done MyRequest in XXXms",
    Object {
      "query": "",
      "req": "RelayRequest object",
      "res": "RelayResponse object",
      "variables": Object {},
    },
  ],
]
`;
