// Jest Snapshot v1, https://goo.gl/fbAQLP

exports[`middlewares/retry middleware should make retries 1`] = `
Array [
  Array [
    "/graphql",
    Object {
      "body": "{\\"id\\":\\"1\\",\\"query\\":\\"\\",\\"variables\\":{}}",
      "headers": Object {
        "Accept": "*/*",
        "Content-Type": "application/json",
      },
      "method": "POST",
      "signal": AbortSignal {},
    },
  ],
  Array [
    "/graphql",
    Object {
      "body": "{\\"id\\":\\"1\\",\\"query\\":\\"\\",\\"variables\\":{}}",
      "headers": Object {
        "Accept": "*/*",
        "Content-Type": "application/json",
      },
      "method": "POST",
      "signal": AbortSignal {},
    },
  ],
  Array [
    "/graphql",
    Object {
      "body": "{\\"id\\":\\"1\\",\\"query\\":\\"\\",\\"variables\\":{}}",
      "headers": Object {
        "Accept": "*/*",
        "Content-Type": "application/json",
      },
      "method": "POST",
      "signal": AbortSignal {},
    },
  ],
]
`;

exports[`middlewares/retry middleware should retry request on timeout 1`] = `
Array [
  Array [
    "/graphql",
    Object {
      "body": "{\\"id\\":\\"1\\",\\"query\\":\\"\\",\\"variables\\":{}}",
      "headers": Object {
        "Accept": "*/*",
        "Content-Type": "application/json",
      },
      "method": "POST",
      "signal": AbortSignal {},
    },
  ],
  Array [
    "/graphql",
    Object {
      "body": "{\\"id\\":\\"1\\",\\"query\\":\\"\\",\\"variables\\":{}}",
      "headers": Object {
        "Accept": "*/*",
        "Content-Type": "application/json",
      },
      "method": "POST",
      "signal": AbortSignal {},
    },
  ],
  Array [
    "/graphql",
    Object {
      "body": "{\\"id\\":\\"1\\",\\"query\\":\\"\\",\\"variables\\":{}}",
      "headers": Object {
        "Accept": "*/*",
        "Content-Type": "application/json",
      },
      "method": "POST",
      "signal": AbortSignal {},
    },
  ],
]
`;
